---
source: bach-tests/src/coop.rs
expression: "Event::check(&*LOG.lock().unwrap())"
---
[
    Start,
    Message {
        receiver: 0,
        sender_group: 0,
        sender_id: 0,
    },
    Message {
        receiver: 1,
        sender_group: 1,
        sender_id: 0,
    },
    ReceiverClose {
        receiver: 0,
    },
    ReceiverClose {
        receiver: 1,
    },
    Start,
    Message {
        receiver: 0,
        sender_group: 0,
        sender_id: 0,
    },
    Message {
        receiver: 1,
        sender_group: 1,
        sender_id: 0,
    },
    ReceiverClose {
        receiver: 1,
    },
    ReceiverClose {
        receiver: 0,
    },
    Start,
    Message {
        receiver: 1,
        sender_group: 1,
        sender_id: 0,
    },
    Message {
        receiver: 0,
        sender_group: 0,
        sender_id: 0,
    },
    ReceiverClose {
        receiver: 1,
    },
    ReceiverClose {
        receiver: 0,
    },
    Start,
    Message {
        receiver: 1,
        sender_group: 1,
        sender_id: 0,
    },
    Message {
        receiver: 0,
        sender_group: 0,
        sender_id: 0,
    },
    ReceiverClose {
        receiver: 0,
    },
    ReceiverClose {
        receiver: 1,
    },
]
